// Vitest Snapshot v1, https://vitest.dev/guide/snapshot.html

exports[`configureBranchProtection > sends the full branch protection settings (snapshot) 1`] = `
{
  "allow_deletions": false,
  "allow_force_pushes": false,
  "branch": "dev",
  "enforce_admins": false,
  "owner": "acme",
  "repo": "my-app",
  "required_linear_history": true,
  "required_pull_request_reviews": {
    "dismiss_stale_reviews": false,
    "required_approving_review_count": 0,
  },
  "required_status_checks": {
    "contexts": [
      "Lint (JS/TS)",
      "Lint (Python)",
      "Test (JS/TS)",
      "Test (Python)",
      "Type Check (TS)",
      "Type Check (Python)",
      "Dependency Audit (JS)",
      "Dependency Audit (Python)",
      "Secret Scan",
      "SAST (Python / Bandit)",
      "Terraform Validate & Security",
    ],
    "strict": true,
  },
  "restrictions": null,
}
`;
